// Jest Snapshot v1, https://goo.gl/fbAQLP

exports[`molecule generators generates a polynucleotide chain from a base pair sequence 1`] = `
Object {
  "A": Array [
    Object {
      "pos": Vector3 {
        "x": 0.44331736021619794,
        "y": 3,
        "z": 1.024816032970444,
      },
      "rot": Euler {
        "_order": "XYZ",
        "_x": 0,
        "_y": 2.734291735288518,
        "_z": 1.5707963267948966,
      },
      "scale": Vector3 {
        "x": 1,
        "y": 1,
        "z": 1,
      },
    },
    Object {
      "pos": Vector3 {
        "x": -0.6228275645543724,
        "y": 6.75,
        "z": 0.9267491613881316,
      },
      "rot": Euler {
        "_order": "XYZ",
        "_x": 0,
        "_y": 1.7342917352885179,
        "_z": 1.5707963267948966,
      },
      "scale": Vector3 {
        "x": 1,
        "y": 1,
        "z": 1,
      },
    },
    Object {
      "pos": Vector3 {
        "x": -0.5535672545634566,
        "y": 8.25,
        "z": -0.9697120593131823,
      },
      "rot": Euler {
        "_order": "XYZ",
        "_x": 0,
        "_y": 1.3342917352885175,
        "_z": 1.5707963267948966,
      },
      "scale": Vector3 {
        "x": 1,
        "y": 1,
        "z": 1,
      },
    },
    Object {
      "pos": Vector3 {
        "x": -0.34988071889732897,
        "y": 9,
        "z": -1.060359215476635,
      },
      "rot": Euler {
        "_order": "XYZ",
        "_x": 0,
        "_y": 1.134291735288518,
        "_z": 1.5707963267948966,
      },
      "scale": Vector3 {
        "x": 1,
        "y": 1,
        "z": 1,
      },
    },
    Object {
      "pos": Vector3 {
        "x": -0.13224554308121794,
        "y": 9.75,
        "z": -1.1087331958760365,
      },
      "rot": Euler {
        "_order": "XYZ",
        "_x": 0,
        "_y": 0.934291735288517,
        "_z": 1.5707963267948966,
      },
      "scale": Vector3 {
        "x": 1,
        "y": 1,
        "z": 1,
      },
    },
    Object {
      "pos": Vector3 {
        "x": -1.0894528390191853,
        "y": 11.25,
        "z": -0.24468488889870782,
      },
      "rot": Euler {
        "_order": "XYZ",
        "_x": 0,
        "_y": 0.5342917352885166,
        "_z": 1.5707963267948966,
      },
      "scale": Vector3 {
        "x": 1,
        "y": 1,
        "z": 1,
      },
    },
    Object {
      "pos": Vector3 {
        "x": 0.5168908974366258,
        "y": 12,
        "z": -0.9897484445299705,
      },
      "rot": Euler {
        "_order": "XYZ",
        "_x": 0,
        "_y": 0.3342917352885173,
        "_z": 1.5707963267948966,
      },
      "scale": Vector3 {
        "x": 1,
        "y": 0.9999999999999999,
        "z": 1,
      },
    },
    Object {
      "pos": Vector3 {
        "x": 0.7032201540982248,
        "y": 12.75,
        "z": -0.867329002266386,
      },
      "rot": Euler {
        "_order": "XYZ",
        "_x": 0,
        "_y": 0.13429173528851623,
        "_z": 1.5707963267948966,
      },
      "scale": Vector3 {
        "x": 1,
        "y": 1,
        "z": 1,
      },
    },
    Object {
      "pos": Vector3 {
        "x": 0.8615142423554485,
        "y": 13.5,
        "z": -0.7103318896973823,
      },
      "rot": Euler {
        "_order": "XYZ",
        "_x": 0,
        "_y": -0.065708264711483,
        "_z": 1.5707963267948966,
      },
      "scale": Vector3 {
        "x": 1,
        "y": 0.9999999999999999,
        "z": 1,
      },
    },
    Object {
      "pos": Vector3 {
        "x": -0.38273864662745016,
        "y": 15,
        "z": -1.0489467630342943,
      },
      "rot": Euler {
        "_order": "XYZ",
        "_x": 0,
        "_y": -0.4657082647114834,
        "_z": 1.5707963267948966,
      },
      "scale": Vector3 {
        "x": 1,
        "y": 1,
        "z": 1,
      },
    },
    Object {
      "pos": Vector3 {
        "x": 0.2763920584754359,
        "y": 17.25,
        "z": -1.0818436177720177,
      },
      "rot": Euler {
        "_order": "XYZ",
        "_x": 0,
        "_y": -1.065708264711484,
        "_z": 1.5707963267948966,
      },
      "scale": Vector3 {
        "x": 1,
        "y": 1,
        "z": 1,
      },
    },
    Object {
      "pos": Vector3 {
        "x": 0.9742334515165131,
        "y": 18,
        "z": 0.545570678508805,
      },
      "rot": Euler {
        "_order": "XYZ",
        "_x": 0,
        "_y": -1.2657082647114841,
        "_z": 1.5707963267948966,
      },
      "scale": Vector3 {
        "x": 1,
        "y": 1,
        "z": 1,
      },
    },
    Object {
      "pos": Vector3 {
        "x": 0.8464254832454983,
        "y": 18.75,
        "z": 0.7282458957075975,
      },
      "rot": Euler {
        "_order": "XYZ",
        "_x": 0,
        "_y": -1.4657082647114843,
        "_z": 1.5707963267948966,
      },
      "scale": Vector3 {
        "x": 1,
        "y": 1,
        "z": 1,
      },
    },
    Object {
      "pos": Vector3 {
        "x": 0.8389710657034013,
        "y": 19.5,
        "z": -0.7368213719856633,
      },
      "rot": Euler {
        "_order": "XYZ",
        "_x": 0,
        "_y": -1.6657082647114845,
        "_z": 1.5707963267948966,
      },
      "scale": Vector3 {
        "x": 1,
        "y": 1,
        "z": 1,
      },
    },
    Object {
      "pos": Vector3 {
        "x": 0.9686313101596427,
        "y": 20.25,
        "z": -0.5554561803425632,
      },
      "rot": Euler {
        "_order": "XYZ",
        "_x": 0,
        "_y": -1.8657082647114847,
        "_z": 1.5707963267948966,
      },
      "scale": Vector3 {
        "x": 1,
        "y": 1,
        "z": 1,
      },
    },
    Object {
      "pos": Vector3 {
        "x": 1.0596752809726773,
        "y": 21,
        "z": -0.35194670363254366,
      },
      "rot": Euler {
        "_order": "XYZ",
        "_x": 0,
        "_y": -2.0657082647114846,
        "_z": 1.5707963267948966,
      },
      "scale": Vector3 {
        "x": 1,
        "y": 1,
        "z": 1,
      },
    },
    Object {
      "pos": Vector3 {
        "x": 0.06729868418112939,
        "y": 21.75,
        "z": 1.1145622774927493,
      },
      "rot": Euler {
        "_order": "XYZ",
        "_x": 0,
        "_y": -2.2657082647114857,
        "_z": 1.5707963267948966,
      },
      "scale": Vector3 {
        "x": 1,
        "y": 1,
        "z": 1,
      },
    },
    Object {
      "pos": Vector3 {
        "x": -0.3720448015540212,
        "y": 23.25,
        "z": 1.0527871812189613,
      },
      "rot": Euler {
        "_order": "XYZ",
        "_x": 0,
        "_y": -2.6657082647114847,
        "_z": 1.5707963267948966,
      },
      "scale": Vector3 {
        "x": 1,
        "y": 1,
        "z": 1,
      },
    },
    Object {
      "pos": Vector3 {
        "x": 0.8686979370865751,
        "y": 24.75,
        "z": 0.7015283867413094,
      },
      "rot": Euler {
        "_order": "XYZ",
        "_x": 0,
        "_y": -3.0657082647114864,
        "_z": 1.5707963267948966,
      },
      "scale": Vector3 {
        "x": 1,
        "y": 1,
        "z": 1,
      },
    },
    Object {
      "pos": Vector3 {
        "x": 0.7120096392505508,
        "y": 25.5,
        "z": 0.8601281630760828,
      },
      "rot": Euler {
        "_order": "XYZ",
        "_x": 0,
        "_y": -3.2657082647114857,
        "_z": 1.5707963267948966,
      },
      "scale": Vector3 {
        "x": 1,
        "y": 1,
        "z": 1,
      },
    },
    Object {
      "pos": Vector3 {
        "x": -1.0869065303393408,
        "y": 27,
        "z": 0.25575843604470094,
      },
      "rot": Euler {
        "_order": "XYZ",
        "_x": 0,
        "_y": 2.6174770424681,
        "_z": 1.5707963267948966,
      },
      "scale": Vector3 {
        "x": 1,
        "y": 1,
        "z": 1,
      },
    },
    Object {
      "pos": Vector3 {
        "x": -1.1160521209571672,
        "y": 27.75,
        "z": 0.03472530214905811,
      },
      "rot": Euler {
        "_order": "XYZ",
        "_x": 0,
        "_y": 2.417477042468099,
        "_z": 1.5707963267948966,
      },
      "scale": Vector3 {
        "x": 1,
        "y": 1,
        "z": 1,
      },
    },
    Object {
      "pos": Vector3 {
        "x": -1.0414747454868913,
        "y": 29.25,
        "z": -0.4026270455587302,
      },
      "rot": Euler {
        "_order": "XYZ",
        "_x": 0,
        "_y": 2.0174770424681006,
        "_z": 1.5707963267948966,
      },
      "scale": Vector3 {
        "x": 1,
        "y": 1,
        "z": 1,
      },
    },
    Object {
      "pos": Vector3 {
        "x": -0.88055174838346,
        "y": 31.5,
        "z": 0.6865907090262502,
      },
      "rot": Euler {
        "_order": "XYZ",
        "_x": 0,
        "_y": 1.417477042468103,
        "_z": 1.5707963267948966,
      },
      "scale": Vector3 {
        "x": 1,
        "y": 1,
        "z": 1,
      },
    },
    Object {
      "pos": Vector3 {
        "x": 0.21975222643873416,
        "y": 34.5,
        "z": -1.094754375317841,
      },
      "rot": Euler {
        "_order": "XYZ",
        "_x": 0,
        "_y": 0.6174770424681055,
        "_z": 1.5707963267948966,
      },
      "scale": Vector3 {
        "x": 1,
        "y": 1,
        "z": 1,
      },
    },
    Object {
      "pos": Vector3 {
        "x": -1.0535103001720774,
        "y": 35.25,
        "z": -0.3699922036120175,
      },
      "rot": Euler {
        "_order": "XYZ",
        "_x": 0,
        "_y": 0.41747704246810635,
        "_z": 1.5707963267948966,
      },
      "scale": Vector3 {
        "x": 1,
        "y": 1,
        "z": 1,
      },
    },
    Object {
      "pos": Vector3 {
        "x": 0.6287226381894222,
        "y": 36,
        "z": -0.9227600053808521,
      },
      "rot": Euler {
        "_order": "XYZ",
        "_x": 0,
        "_y": 0.21747704246810706,
        "_z": 1.5707963267948966,
      },
      "scale": Vector3 {
        "x": 1,
        "y": 1,
        "z": 1,
      },
    },
    Object {
      "pos": Vector3 {
        "x": -0.660586258421834,
        "y": 37.5,
        "z": -0.900224404516218,
      },
      "rot": Euler {
        "_order": "XYZ",
        "_x": 0,
        "_y": -0.1825229575318916,
        "_z": 1.5707963267948966,
      },
      "scale": Vector3 {
        "x": 1,
        "y": 1,
        "z": 1,
      },
    },
    Object {
      "pos": Vector3 {
        "x": 1.0399366769859617,
        "y": 38.25,
        "z": -0.4065831909483384,
      },
      "rot": Euler {
        "_order": "XYZ",
        "_x": 0,
        "_y": -0.38252295753189086,
        "_z": 1.5707963267948966,
      },
      "scale": Vector3 {
        "x": 1,
        "y": 1,
        "z": 1,
      },
    },
    Object {
      "pos": Vector3 {
        "x": -0.03690043141886035,
        "y": 39.75,
        "z": -1.115982321304168,
      },
      "rot": Euler {
        "_order": "XYZ",
        "_x": 0,
        "_y": -0.7825229575318895,
        "_z": 1.5707963267948966,
      },
      "scale": Vector3 {
        "x": 1,
        "y": 1,
        "z": 1,
      },
    },
    Object {
      "pos": Vector3 {
        "x": 1.0878709153452526,
        "y": 40.5,
        "z": 0.2516248295542787,
      },
      "rot": Euler {
        "_order": "XYZ",
        "_x": 0,
        "_y": -0.9825229575318887,
        "_z": 1.5707963267948966,
      },
      "scale": Vector3 {
        "x": 1,
        "y": 0.9999999999999999,
        "z": 1,
      },
    },
    Object {
      "pos": Vector3 {
        "x": 0.599675777910799,
        "y": 42,
        "z": -0.9418955062475962,
      },
      "rot": Euler {
        "_order": "XYZ",
        "_x": 0,
        "_y": -1.3825229575318874,
        "_z": 1.5707963267948966,
      },
      "scale": Vector3 {
        "x": 1,
        "y": 1,
        "z": 1,
      },
    },
  ],
  "C": Array [
    Object {
      "pos": Vector3 {
        "x": -0.4582337649086283,
        "y": 0,
        "z": 1.0182337649086284,
      },
      "rot": Euler {
        "_order": "XYZ",
        "_x": 0,
        "_y": -2.748893571891069,
        "_z": 1.5707963267948966,
      },
      "scale": Vector3 {
        "x": 1,
        "y": 1,
        "z": 1,
      },
    },
    Object {
      "pos": Vector3 {
        "x": -0.6513914184926404,
        "y": 0.75,
        "z": 0.906899885994304,
      },
      "rot": Euler {
        "_order": "XYZ",
        "_x": 0,
        "_y": -2.948893571891069,
        "_z": 1.5707963267948966,
      },
      "scale": Vector3 {
        "x": 1,
        "y": 1,
        "z": 1,
      },
    },
    Object {
      "pos": Vector3 {
        "x": 0.8074044891901442,
        "y": 1.5,
        "z": 0.7712821624658118,
      },
      "rot": Euler {
        "_order": "XYZ",
        "_x": 0,
        "_y": -3.148893571891069,
        "_z": 1.5707963267948966,
      },
      "scale": Vector3 {
        "x": 1,
        "y": 1,
        "z": 1,
      },
    },
    Object {
      "pos": Vector3 {
        "x": -0.9531346776455867,
        "y": 2.25,
        "z": 0.5816463440715326,
      },
      "rot": Euler {
        "_order": "XYZ",
        "_x": 0,
        "_y": -3.348893571891069,
        "_z": 1.5707963267948966,
      },
      "scale": Vector3 {
        "x": 1,
        "y": 1,
        "z": 1,
      },
    },
    Object {
      "pos": Vector3 {
        "x": -1.1043989287290863,
        "y": 3.75,
        "z": 0.16456363366303584,
      },
      "rot": Euler {
        "_order": "XYZ",
        "_x": 0,
        "_y": 2.5342917352885177,
        "_z": 1.5707963267948966,
      },
      "scale": Vector3 {
        "x": 1,
        "y": 1,
        "z": 1,
      },
    },
    Object {
      "pos": Vector3 {
        "x": -1.115078225624088,
        "y": 4.5,
        "z": -0.05812687882013945,
      },
      "rot": Euler {
        "_order": "XYZ",
        "_x": 0,
        "_y": 2.334291735288517,
        "_z": 1.5707963267948966,
      },
      "scale": Vector3 {
        "x": 1,
        "y": 1,
        "z": 1,
      },
    },
    Object {
      "pos": Vector3 {
        "x": -0.2127690535371483,
        "y": 5.25,
        "z": 1.0961329815123904,
      },
      "rot": Euler {
        "_order": "XYZ",
        "_x": 0,
        "_y": 2.134291735288518,
        "_z": 1.5707963267948966,
      },
      "scale": Vector3 {
        "x": 1,
        "y": 1,
        "z": 1,
      },
    },
    Object {
      "pos": Vector3 {
        "x": -0.42629584407013466,
        "y": 6,
        "z": 1.0320126145696418,
      },
      "rot": Euler {
        "_order": "XYZ",
        "_x": 0,
        "_y": 1.934291735288518,
        "_z": 1.5707963267948966,
      },
      "scale": Vector3 {
        "x": 1,
        "y": 1,
        "z": 1,
      },
    },
    Object {
      "pos": Vector3 {
        "x": -0.7351848106726293,
        "y": 7.5,
        "z": -0.8404055434482725,
      },
      "rot": Euler {
        "_order": "XYZ",
        "_x": 0,
        "_y": 1.5342917352885175,
        "_z": 1.5707963267948966,
      },
      "scale": Vector3 {
        "x": 1,
        "y": 1,
        "z": 1,
      },
    },
    Object {
      "pos": Vector3 {
        "x": -1.1163476987901286,
        "y": 10.5,
        "z": -0.023366615251699918,
      },
      "rot": Euler {
        "_order": "XYZ",
        "_x": 0,
        "_y": 0.7342917352885177,
        "_z": 1.5707963267948966,
      },
      "scale": Vector3 {
        "x": 1,
        "y": 1,
        "z": 1,
      },
    },
    Object {
      "pos": Vector3 {
        "x": 0.9854624764353648,
        "y": 14.25,
        "z": -0.5250160862680432,
      },
      "rot": Euler {
        "_order": "XYZ",
        "_x": 0,
        "_y": -0.2657082647114841,
        "_z": 1.5707963267948966,
      },
      "scale": Vector3 {
        "x": 1,
        "y": 1,
        "z": 1,
      },
    },
    Object {
      "pos": Vector3 {
        "x": 1.1121219420979789,
        "y": 15.75,
        "z": -0.09981467430471169,
      },
      "rot": Euler {
        "_order": "XYZ",
        "_x": 0,
        "_y": -0.6657082647114836,
        "_z": 1.5707963267948966,
      },
      "scale": Vector3 {
        "x": 1,
        "y": 1,
        "z": 1,
      },
    },
    Object {
      "pos": Vector3 {
        "x": 0.05595347132484185,
        "y": 16.5,
        "z": -1.1151893975235938,
      },
      "rot": Euler {
        "_order": "XYZ",
        "_x": 0,
        "_y": -0.8657082647114838,
        "_z": 1.5707963267948966,
      },
      "scale": Vector3 {
        "x": 1,
        "y": 1,
        "z": 1,
      },
    },
    Object {
      "pos": Vector3 {
        "x": -0.15547215070028475,
        "y": 22.5,
        "z": 1.1057154216429126,
      },
      "rot": Euler {
        "_order": "XYZ",
        "_x": 0,
        "_y": -2.4657082647114854,
        "_z": 1.5707963267948966,
      },
      "scale": Vector3 {
        "x": 1,
        "y": 1,
        "z": 1,
      },
    },
    Object {
      "pos": Vector3 {
        "x": 0.9907539895058209,
        "y": 24,
        "z": 0.5149608874280024,
      },
      "rot": Euler {
        "_order": "XYZ",
        "_x": 0,
        "_y": -2.8657082647114853,
        "_z": 1.5707963267948966,
      },
      "scale": Vector3 {
        "x": 1,
        "y": 0.9999999999999999,
        "z": 1,
      },
    },
    Object {
      "pos": Vector3 {
        "x": -1.0144294062887833,
        "y": 26.25,
        "z": 0.46659528818765816,
      },
      "rot": Euler {
        "_order": "XYZ",
        "_x": 0,
        "_y": -3.4657082647114854,
        "_z": 1.5707963267948966,
      },
      "scale": Vector3 {
        "x": 1,
        "y": 0.9999999999999999,
        "z": 1,
      },
    },
    Object {
      "pos": Vector3 {
        "x": -0.12095628395113311,
        "y": 28.5,
        "z": 1.110021513609114,
      },
      "rot": Euler {
        "_order": "XYZ",
        "_x": 0,
        "_y": 2.2174770424681,
        "_z": 1.5707963267948966,
      },
      "scale": Vector3 {
        "x": 1,
        "y": 1,
        "z": 1,
      },
    },
    Object {
      "pos": Vector3 {
        "x": -0.9407249440162706,
        "y": 30,
        "z": -0.6015104014129111,
      },
      "rot": Euler {
        "_order": "XYZ",
        "_x": 0,
        "_y": 1.8174770424681013,
        "_z": 1.5707963267948966,
      },
      "scale": Vector3 {
        "x": 1,
        "y": 0.9999999999999999,
        "z": 1,
      },
    },
    Object {
      "pos": Vector3 {
        "x": -0.7265948219579487,
        "y": 30.75,
        "z": 0.8478432331547112,
      },
      "rot": Euler {
        "_order": "XYZ",
        "_x": 0,
        "_y": 1.6174770424681024,
        "_z": 1.5707963267948966,
      },
      "scale": Vector3 {
        "x": 1,
        "y": 1,
        "z": 1,
      },
    },
    Object {
      "pos": Vector3 {
        "x": -0.9994038553426511,
        "y": 32.25,
        "z": 0.4979659799911862,
      },
      "rot": Euler {
        "_order": "XYZ",
        "_x": 0,
        "_y": 1.2174770424681036,
        "_z": 1.5707963267948966,
      },
      "scale": Vector3 {
        "x": 1,
        "y": 1,
        "z": 1,
      },
    },
    Object {
      "pos": Vector3 {
        "x": -0.22391222995340665,
        "y": 33,
        "z": -1.0939111008576654,
      },
      "rot": Euler {
        "_order": "XYZ",
        "_x": 0,
        "_y": 1.017477042468104,
        "_z": 1.5707963267948966,
      },
      "scale": Vector3 {
        "x": 1,
        "y": 1,
        "z": 1,
      },
    },
    Object {
      "pos": Vector3 {
        "x": -1.114428994866488,
        "y": 33.75,
        "z": 0.06947084786589486,
      },
      "rot": Euler {
        "_order": "XYZ",
        "_x": 0,
        "_y": 0.8174770424681048,
        "_z": 1.5707963267948966,
      },
      "scale": Vector3 {
        "x": 1,
        "y": 0.9999999999999999,
        "z": 1,
      },
    },
    Object {
      "pos": Vector3 {
        "x": -0.8262654936710561,
        "y": 36.75,
        "z": -0.7510416215303007,
      },
      "rot": Euler {
        "_order": "XYZ",
        "_x": 0,
        "_y": 0.017477042468107717,
        "_z": 1.5707963267948966,
      },
      "scale": Vector3 {
        "x": 1,
        "y": 1,
        "z": 1,
      },
    },
    Object {
      "pos": Vector3 {
        "x": -0.2578763404941652,
        "y": 39,
        "z": -1.086405990555867,
      },
      "rot": Euler {
        "_order": "XYZ",
        "_x": 0,
        "_y": -0.5825229575318902,
        "_z": 1.5707963267948966,
      },
      "scale": Vector3 {
        "x": 1,
        "y": 1,
        "z": 1,
      },
    },
    Object {
      "pos": Vector3 {
        "x": 0.4005964375662366,
        "y": 41.25,
        "z": -1.0422574909836713,
      },
      "rot": Euler {
        "_order": "XYZ",
        "_x": 0,
        "_y": -1.182522957531888,
        "_z": 1.5707963267948966,
      },
      "scale": Vector3 {
        "x": 1,
        "y": 0.9999999999999999,
        "z": 1,
      },
    },
  ],
  "G": Array [
    Object {
      "pos": Vector3 {
        "x": 1.0440202025355334,
        "y": 0,
        "z": 0.39597979746446665,
      },
      "rot": Euler {
        "_order": "XYZ",
        "_x": 0,
        "_y": -2.748893571891069,
        "_z": 1.5707963267948966,
      },
      "scale": Vector3 {
        "x": 1,
        "y": 1,
        "z": 1,
      },
    },
    Object {
      "pos": Vector3 {
        "x": 0.9445402657254907,
        "y": 0.75,
        "z": 0.5955013599695265,
      },
      "rot": Euler {
        "_order": "XYZ",
        "_x": 0,
        "_y": -2.948893571891069,
        "_z": 1.5707963267948966,
      },
      "scale": Vector3 {
        "x": 1,
        "y": 1,
        "z": 1,
      },
    },
    Object {
      "pos": Vector3 {
        "x": -0.8185801518058393,
        "y": 1.5,
        "z": 0.7594107705134716,
      },
      "rot": Euler {
        "_order": "XYZ",
        "_x": 0,
        "_y": -3.148893571891069,
        "_z": 1.5707963267948966,
      },
      "scale": Vector3 {
        "x": 1,
        "y": 1,
        "z": 1,
      },
    },
    Object {
      "pos": Vector3 {
        "x": 0.6380800435829896,
        "y": 2.25,
        "z": 0.916314379066195,
      },
      "rot": Euler {
        "_order": "XYZ",
        "_x": 0,
        "_y": -3.348893571891069,
        "_z": 1.5707963267948966,
      },
      "scale": Vector3 {
        "x": 1,
        "y": 1,
        "z": 1,
      },
    },
    Object {
      "pos": Vector3 {
        "x": 0.23088101266641492,
        "y": 3.75,
        "z": 1.092461505634165,
      },
      "rot": Euler {
        "_order": "XYZ",
        "_x": 0,
        "_y": 2.5342917352885177,
        "_z": 1.5707963267948966,
      },
      "scale": Vector3 {
        "x": 1,
        "y": 1,
        "z": 1,
      },
    },
    Object {
      "pos": Vector3 {
        "x": 0.009240167728788995,
        "y": 4.5,
        "z": 1.116553985529889,
      },
      "rot": Euler {
        "_order": "XYZ",
        "_x": 0,
        "_y": 2.334291735288517,
        "_z": 1.5707963267948966,
      },
      "scale": Vector3 {
        "x": 1,
        "y": 1,
        "z": 1,
      },
    },
    Object {
      "pos": Vector3 {
        "x": -1.0813028724962814,
        "y": 5.25,
        "z": -0.27850005607472816,
      },
      "rot": Euler {
        "_order": "XYZ",
        "_x": 0,
        "_y": 2.134291735288518,
        "_z": 1.5707963267948966,
      },
      "scale": Vector3 {
        "x": 1,
        "y": 1,
        "z": 1,
      },
    },
    Object {
      "pos": Vector3 {
        "x": -1.0044193860905821,
        "y": 6,
        "z": -0.48777031495136614,
      },
      "rot": Euler {
        "_order": "XYZ",
        "_x": 0,
        "_y": 1.934291735288518,
        "_z": 1.5707963267948966,
      },
      "scale": Vector3 {
        "x": 1,
        "y": 1,
        "z": 1,
      },
    },
    Object {
      "pos": Vector3 {
        "x": -0.7945291154858629,
        "y": 7.5,
        "z": 0.7845391436681717,
      },
      "rot": Euler {
        "_order": "XYZ",
        "_x": 0,
        "_y": 1.5342917352885175,
        "_z": 1.5707963267948966,
      },
      "scale": Vector3 {
        "x": 1,
        "y": 1,
        "z": 1,
      },
    },
    Object {
      "pos": Vector3 {
        "x": 0.0906618452125949,
        "y": 10.5,
        "z": -1.1129054825657856,
      },
      "rot": Euler {
        "_order": "XYZ",
        "_x": 0,
        "_y": 0.7342917352885177,
        "_z": 1.5707963267948966,
      },
      "scale": Vector3 {
        "x": 1,
        "y": 1,
        "z": 1,
      },
    },
    Object {
      "pos": Vector3 {
        "x": -0.5835029070594219,
        "y": 14.25,
        "z": -0.9519992335897857,
      },
      "rot": Euler {
        "_order": "XYZ",
        "_x": 0,
        "_y": -0.2657082647114841,
        "_z": 1.5707963267948966,
      },
      "scale": Vector3 {
        "x": 1,
        "y": 1,
        "z": 1,
      },
    },
    Object {
      "pos": Vector3 {
        "x": -0.16671580415608422,
        "y": 15.75,
        "z": -1.1040760951795516,
      },
      "rot": Euler {
        "_order": "XYZ",
        "_x": 0,
        "_y": -0.6657082647114836,
        "_z": 1.5707963267948966,
      },
      "scale": Vector3 {
        "x": 1,
        "y": 1,
        "z": 1,
      },
    },
    Object {
      "pos": Vector3 {
        "x": 1.109783660481766,
        "y": 16.5,
        "z": 0.12311949573495262,
      },
      "rot": Euler {
        "_order": "XYZ",
        "_x": 0,
        "_y": -0.8657082647114838,
        "_z": 1.5707963267948966,
      },
      "scale": Vector3 {
        "x": 1,
        "y": 1,
        "z": 1,
      },
    },
    Object {
      "pos": Vector3 {
        "x": 1.1130800695225598,
        "y": 22.5,
        "z": 0.08849261061800429,
      },
      "rot": Euler {
        "_order": "XYZ",
        "_x": 0,
        "_y": -2.4657082647114854,
        "_z": 1.5707963267948966,
      },
      "scale": Vector3 {
        "x": 1,
        "y": 1,
        "z": 1,
      },
    },
    Object {
      "pos": Vector3 {
        "x": -0.5737852002250645,
        "y": 24,
        "z": 0.9578876381418747,
      },
      "rot": Euler {
        "_order": "XYZ",
        "_x": 0,
        "_y": -2.8657082647114853,
        "_z": 1.5707963267948966,
      },
      "scale": Vector3 {
        "x": 1,
        "y": 0.9999999999999999,
        "z": 1,
      },
    },
    Object {
      "pos": Vector3 {
        "x": 0.5269357639739537,
        "y": 26.25,
        "z": 0.9844373438403903,
      },
      "rot": Euler {
        "_order": "XYZ",
        "_x": 0,
        "_y": -3.4657082647114854,
        "_z": 1.5707963267948966,
      },
      "scale": Vector3 {
        "x": 1,
        "y": 0.9999999999999999,
        "z": 1,
      },
    },
    Object {
      "pos": Vector3 {
        "x": -1.1007042354185608,
        "y": 28.5,
        "z": -0.18769221996123808,
      },
      "rot": Euler {
        "_order": "XYZ",
        "_x": 0,
        "_y": 2.2174770424681,
        "_z": 1.5707963267948966,
      },
      "scale": Vector3 {
        "x": 1,
        "y": 1,
        "z": 1,
      },
    },
    Object {
      "pos": Vector3 {
        "x": -0.5436708528835261,
        "y": 30,
        "z": 0.9752949231013337,
      },
      "rot": Euler {
        "_order": "XYZ",
        "_x": 0,
        "_y": 1.8174770424681013,
        "_z": 1.5707963267948966,
      },
      "scale": Vector3 {
        "x": 1,
        "y": 0.9999999999999999,
        "z": 1,
      },
    },
    Object {
      "pos": Vector3 {
        "x": -0.8024714076569488,
        "y": 30.75,
        "z": -0.7764134357385966,
      },
      "rot": Euler {
        "_order": "XYZ",
        "_x": 0,
        "_y": 1.6174770424681024,
        "_z": 1.5707963267948966,
      },
      "scale": Vector3 {
        "x": 1,
        "y": 1,
        "z": 1,
      },
    },
    Object {
      "pos": Vector3 {
        "x": -0.4367754793039168,
        "y": 32.25,
        "z": -1.0276212161984448,
      },
      "rot": Euler {
        "_order": "XYZ",
        "_x": 0,
        "_y": 1.2174770424681036,
        "_z": 1.5707963267948966,
      },
      "scale": Vector3 {
        "x": 1,
        "y": 1,
        "z": 1,
      },
    },
    Object {
      "pos": Vector3 {
        "x": -1.078412884390571,
        "y": 33,
        "z": 0.28948891875639426,
      },
      "rot": Euler {
        "_order": "XYZ",
        "_x": 0,
        "_y": 1.017477042468104,
        "_z": 1.5707963267948966,
      },
      "scale": Vector3 {
        "x": 1,
        "y": 1,
        "z": 1,
      },
    },
    Object {
      "pos": Vector3 {
        "x": -0.0021223065905560112,
        "y": 33.75,
        "z": -1.1165902019617908,
      },
      "rot": Euler {
        "_order": "XYZ",
        "_x": 0,
        "_y": 0.8174770424681048,
        "_z": 1.5707963267948966,
      },
      "scale": Vector3 {
        "x": 1,
        "y": 0.9999999999999999,
        "z": 1,
      },
    },
    Object {
      "pos": Vector3 {
        "x": 0.7995141571750846,
        "y": 36.75,
        "z": -0.77945833485758,
      },
      "rot": Euler {
        "_order": "XYZ",
        "_x": 0,
        "_y": 0.017477042468107717,
        "_z": 1.5707963267948966,
      },
      "scale": Vector3 {
        "x": 1,
        "y": 1,
        "z": 1,
      },
    },
    Object {
      "pos": Vector3 {
        "x": 1.099982790643451,
        "y": 39,
        "z": -0.19187507287447025,
      },
      "rot": Euler {
        "_order": "XYZ",
        "_x": 0,
        "_y": -0.5825229575318902,
        "_z": 1.5707963267948966,
      },
      "scale": Vector3 {
        "x": 1,
        "y": 1,
        "z": 1,
      },
    },
    Object {
      "pos": Vector3 {
        "x": 1.016195788636471,
        "y": 41.25,
        "z": 0.4627356723441991,
      },
      "rot": Euler {
        "_order": "XYZ",
        "_x": 0,
        "_y": -1.182522957531888,
        "_z": 1.5707963267948966,
      },
      "scale": Vector3 {
        "x": 1,
        "y": 0.9999999999999999,
        "z": 1,
      },
    },
  ],
  "T": Array [
    Object {
      "pos": Vector3 {
        "x": -1.0496907316780104,
        "y": 3,
        "z": 0.3806935133826417,
      },
      "rot": Euler {
        "_order": "XYZ",
        "_x": 0,
        "_y": 2.734291735288518,
        "_z": 1.5707963267948966,
      },
      "scale": Vector3 {
        "x": 1,
        "y": 1,
        "z": 1,
      },
    },
    Object {
      "pos": Vector3 {
        "x": -0.8874928683901131,
        "y": 6.75,
        "z": -0.6775947106191322,
      },
      "rot": Euler {
        "_order": "XYZ",
        "_x": 0,
        "_y": 1.7342917352885179,
        "_z": 1.5707963267948966,
      },
      "scale": Vector3 {
        "x": 1,
        "y": 1,
        "z": 1,
      },
    },
    Object {
      "pos": Vector3 {
        "x": -0.9345552978645443,
        "y": 8.25,
        "z": 0.611052026046595,
      },
      "rot": Euler {
        "_order": "XYZ",
        "_x": 0,
        "_y": 1.3342917352885175,
        "_z": 1.5707963267948966,
      },
      "scale": Vector3 {
        "x": 1,
        "y": 1,
        "z": 1,
      },
    },
    Object {
      "pos": Vector3 {
        "x": -1.0373237096771502,
        "y": 9,
        "z": 0.4132041924327152,
      },
      "rot": Euler {
        "_order": "XYZ",
        "_x": 0,
        "_y": 1.134291735288518,
        "_z": 1.5707963267948966,
      },
      "scale": Vector3 {
        "x": 1,
        "y": 1,
        "z": 1,
      },
    },
    Object {
      "pos": Vector3 {
        "x": -1.098737298649187,
        "y": 9.75,
        "z": 0.19888321160777522,
      },
      "rot": Euler {
        "_order": "XYZ",
        "_x": 0,
        "_y": 0.934291735288517,
        "_z": 1.5707963267948966,
      },
      "scale": Vector3 {
        "x": 1,
        "y": 1,
        "z": 1,
      },
    },
    Object {
      "pos": Vector3 {
        "x": 0.3099548318377805,
        "y": 11.25,
        "z": -1.0727097396419725,
      },
      "rot": Euler {
        "_order": "XYZ",
        "_x": 0,
        "_y": 0.5342917352885166,
        "_z": 1.5707963267948966,
      },
      "scale": Vector3 {
        "x": 1,
        "y": 1,
        "z": 1,
      },
    },
    Object {
      "pos": Vector3 {
        "x": -1.019124932523788,
        "y": 12,
        "z": -0.4562483481731425,
      },
      "rot": Euler {
        "_order": "XYZ",
        "_x": 0,
        "_y": 0.3342917352885173,
        "_z": 1.5707963267948966,
      },
      "scale": Vector3 {
        "x": 1,
        "y": 0.9999999999999999,
        "z": 1,
      },
    },
    Object {
      "pos": Vector3 {
        "x": -0.9081677310033647,
        "y": 12.75,
        "z": -0.6496226255808337,
      },
      "rot": Euler {
        "_order": "XYZ",
        "_x": 0,
        "_y": 0.13429173528851623,
        "_z": 1.5707963267948966,
      },
      "scale": Vector3 {
        "x": 1,
        "y": 1,
        "z": 1,
      },
    },
    Object {
      "pos": Vector3 {
        "x": -0.7610047479368378,
        "y": 13.5,
        "z": -0.8170984989093582,
      },
      "rot": Euler {
        "_order": "XYZ",
        "_x": 0,
        "_y": -0.065708264711483,
        "_z": 1.5707963267948966,
      },
      "scale": Vector3 {
        "x": 1,
        "y": 0.9999999999999999,
        "z": 1,
      },
    },
    Object {
      "pos": Vector3 {
        "x": 1.0701234313864776,
        "y": 15,
        "z": -0.3187695482632664,
      },
      "rot": Euler {
        "_order": "XYZ",
        "_x": 0,
        "_y": -0.4657082647114834,
        "_z": 1.5707963267948966,
      },
      "scale": Vector3 {
        "x": 1,
        "y": 1,
        "z": 1,
      },
    },
    Object {
      "pos": Vector3 {
        "x": 1.0632018064470021,
        "y": 17.25,
        "z": 0.3411452800057002,
      },
      "rot": Euler {
        "_order": "XYZ",
        "_x": 0,
        "_y": -1.065708264711484,
        "_z": 1.5707963267948966,
      },
      "scale": Vector3 {
        "x": 1,
        "y": 1,
        "z": 1,
      },
    },
    Object {
      "pos": Vector3 {
        "x": 0.48581176646019175,
        "y": 18,
        "z": -1.0053681469348252,
      },
      "rot": Euler {
        "_order": "XYZ",
        "_x": 0,
        "_y": -1.2657082647114841,
        "_z": 1.5707963267948966,
      },
      "scale": Vector3 {
        "x": 1,
        "y": 1,
        "z": 1,
      },
    },
    Object {
      "pos": Vector3 {
        "x": 0.6758636923838612,
        "y": 18.75,
        "z": -0.8888118207019917,
      },
      "rot": Euler {
        "_order": "XYZ",
        "_x": 0,
        "_y": -1.4657082647114843,
        "_z": 1.5707963267948966,
      },
      "scale": Vector3 {
        "x": 1,
        "y": 1,
        "z": 1,
      },
    },
    Object {
      "pos": Vector3 {
        "x": 0.6848732020075561,
        "y": 19.5,
        "z": 0.8818882471573444,
      },
      "rot": Euler {
        "_order": "XYZ",
        "_x": 0,
        "_y": -1.6657082647114845,
        "_z": 1.5707963267948966,
      },
      "scale": Vector3 {
        "x": 1,
        "y": 1,
        "z": 1,
      },
    },
    Object {
      "pos": Vector3 {
        "x": 0.49601718744793954,
        "y": 20.25,
        "z": 1.0003724971522217,
      },
      "rot": Euler {
        "_order": "XYZ",
        "_x": 0,
        "_y": -1.8657082647114847,
        "_z": 1.5707963267948966,
      },
      "scale": Vector3 {
        "x": 1,
        "y": 1,
        "z": 1,
      },
    },
    Object {
      "pos": Vector3 {
        "x": 0.2873865328975236,
        "y": 21,
        "z": 1.0789750525436057,
      },
      "rot": Euler {
        "_order": "XYZ",
        "_x": 0,
        "_y": -2.0657082647114846,
        "_z": 1.5707963267948966,
      },
      "scale": Vector3 {
        "x": 1,
        "y": 1,
        "z": 1,
      },
    },
    Object {
      "pos": Vector3 {
        "x": 1.1084733423320525,
        "y": 21.75,
        "z": -0.13440622248074252,
      },
      "rot": Euler {
        "_order": "XYZ",
        "_x": 0,
        "_y": -2.2657082647114857,
        "_z": 1.5707963267948966,
      },
      "scale": Vector3 {
        "x": 1,
        "y": 1,
        "z": 1,
      },
    },
    Object {
      "pos": Vector3 {
        "x": 1.07331180686848,
        "y": 23.25,
        "z": 0.30786352258599264,
      },
      "rot": Euler {
        "_order": "XYZ",
        "_x": 0,
        "_y": -2.6657082647114847,
        "_z": 1.5707963267948966,
      },
      "scale": Vector3 {
        "x": 1,
        "y": 1,
        "z": 1,
      },
    },
    Object {
      "pos": Vector3 {
        "x": -0.7526505936470389,
        "y": 24.75,
        "z": 0.8248001377213117,
      },
      "rot": Euler {
        "_order": "XYZ",
        "_x": 0,
        "_y": -3.0657082647114864,
        "_z": 1.5707963267948966,
      },
      "scale": Vector3 {
        "x": 1,
        "y": 1,
        "z": 1,
      },
    },
    Object {
      "pos": Vector3 {
        "x": -0.9015101830265999,
        "y": 25.5,
        "z": 0.658830458617149,
      },
      "rot": Euler {
        "_order": "XYZ",
        "_x": 0,
        "_y": -3.2657082647114857,
        "_z": 1.5707963267948966,
      },
      "scale": Vector3 {
        "x": 1,
        "y": 1,
        "z": 1,
      },
    },
    Object {
      "pos": Vector3 {
        "x": 0.3208546226296749,
        "y": 27,
        "z": 1.0695001142774623,
      },
      "rot": Euler {
        "_order": "XYZ",
        "_x": 0,
        "_y": 2.6174770424681,
        "_z": 1.5707963267948966,
      },
      "scale": Vector3 {
        "x": 1,
        "y": 1,
        "z": 1,
      },
    },
    Object {
      "pos": Vector3 {
        "x": 0.1019820199964635,
        "y": 27.75,
        "z": 1.1119252901610683,
      },
      "rot": Euler {
        "_order": "XYZ",
        "_x": 0,
        "_y": 2.417477042468099,
        "_z": 1.5707963267948966,
      },
      "scale": Vector3 {
        "x": 1,
        "y": 1,
        "z": 1,
      },
    },
    Object {
      "pos": Vector3 {
        "x": -0.3390724425572247,
        "y": 29.25,
        "z": 1.0638646821850113,
      },
      "rot": Euler {
        "_order": "XYZ",
        "_x": 0,
        "_y": 2.0174770424681006,
        "_z": 1.5707963267948966,
      },
      "scale": Vector3 {
        "x": 1,
        "y": 1,
        "z": 1,
      },
    },
    Object {
      "pos": Vector3 {
        "x": -0.6322258686193092,
        "y": 31.5,
        "z": -0.9203633164956637,
      },
      "rot": Euler {
        "_order": "XYZ",
        "_x": 0,
        "_y": 1.417477042468103,
        "_z": 1.5707963267948966,
      },
      "scale": Vector3 {
        "x": 1,
        "y": 1,
        "z": 1,
      },
    },
    Object {
      "pos": Vector3 {
        "x": -1.1060163381011365,
        "y": 34.5,
        "z": -0.15331680650107998,
      },
      "rot": Euler {
        "_order": "XYZ",
        "_x": 0,
        "_y": 0.6174770424681055,
        "_z": 1.5707963267948966,
      },
      "scale": Vector3 {
        "x": 1,
        "y": 1,
        "z": 1,
      },
    },
    Object {
      "pos": Vector3 {
        "x": 0.4328659316681638,
        "y": 35.25,
        "z": -1.0292741464271749,
      },
      "rot": Euler {
        "_order": "XYZ",
        "_x": 0,
        "_y": 0.41747704246810635,
        "_z": 1.5707963267948966,
      },
      "scale": Vector3 {
        "x": 1,
        "y": 1,
        "z": 1,
      },
    },
    Object {
      "pos": Vector3 {
        "x": -0.9590041311191579,
        "y": 36,
        "z": -0.5719171791428599,
      },
      "rot": Euler {
        "_order": "XYZ",
        "_x": 0,
        "_y": 0.21747704246810706,
        "_z": 1.5707963267948966,
      },
      "scale": Vector3 {
        "x": 1,
        "y": 1,
        "z": 1,
      },
    },
    Object {
      "pos": Vector3 {
        "x": 0.9384315697269974,
        "y": 37.5,
        "z": -0.6050821202465502,
      },
      "rot": Euler {
        "_order": "XYZ",
        "_x": 0,
        "_y": -0.1825229575318916,
        "_z": 1.5707963267948966,
      },
      "scale": Vector3 {
        "x": 1,
        "y": 1,
        "z": 1,
      },
    },
    Object {
      "pos": Vector3 {
        "x": -0.4685715336498181,
        "y": 38.25,
        "z": -1.013518081316458,
      },
      "rot": Euler {
        "_order": "XYZ",
        "_x": 0,
        "_y": -0.38252295753189086,
        "_z": 1.5707963267948966,
      },
      "scale": Vector3 {
        "x": 1,
        "y": 1,
        "z": 1,
      },
    },
    Object {
      "pos": Vector3 {
        "x": 1.1161760616344103,
        "y": 39.75,
        "z": 0.03048249885809673,
      },
      "rot": Euler {
        "_order": "XYZ",
        "_x": 0,
        "_y": -0.7825229575318895,
        "_z": 1.5707963267948966,
      },
      "scale": Vector3 {
        "x": 1,
        "y": 1,
        "z": 1,
      },
    },
    Object {
      "pos": Vector3 {
        "x": 0.1855465814110695,
        "y": 40.5,
        "z": -1.1010679585879348,
      },
      "rot": Euler {
        "_order": "XYZ",
        "_x": 0,
        "_y": -0.9825229575318887,
        "_z": 1.5707963267948966,
      },
      "scale": Vector3 {
        "x": 1,
        "y": 0.9999999999999999,
        "z": 1,
      },
    },
    Object {
      "pos": Vector3 {
        "x": 0.9040081426260036,
        "y": 42,
        "z": 0.6553987041246114,
      },
      "rot": Euler {
        "_order": "XYZ",
        "_x": 0,
        "_y": -1.3825229575318874,
        "_z": 1.5707963267948966,
      },
      "scale": Vector3 {
        "x": 1,
        "y": 1,
        "z": 1,
      },
    },
  ],
  "backbone": Array [
    Object {
      "pos": Vector3 {
        "x": 2,
        "y": 0,
        "z": 0,
      },
      "rot": Euler {
        "_order": "XYZ",
        "_x": 0,
        "_y": 0,
        "_z": 0,
      },
      "scale": Vector3 {
        "x": 1,
        "y": 1,
        "z": 1,
      },
    },
    Object {
      "pos": Vector3 {
        "x": -1.414213562373095,
        "y": 0,
        "z": 1.4142135623730951,
      },
      "rot": Euler {
        "_order": "XYZ",
        "_x": 0,
        "_y": 0,
        "_z": 0,
      },
      "scale": Vector3 {
        "x": 1,
        "y": 1,
        "z": 1,
      },
    },
    Object {
      "pos": Vector3 {
        "x": 1.9601331556824833,
        "y": 0.75,
        "z": 0.39733866159012243,
      },
      "rot": Euler {
        "_order": "XYZ",
        "_x": 0,
        "_y": 0,
        "_z": 0,
      },
      "scale": Vector3 {
        "x": 1,
        "y": 1,
        "z": 1,
      },
    },
    Object {
      "pos": Vector3 {
        "x": -1.666984308449633,
        "y": 0.75,
        "z": 1.105062584373708,
      },
      "rot": Euler {
        "_order": "XYZ",
        "_x": 0,
        "_y": 0,
        "_z": 0,
      },
      "scale": Vector3 {
        "x": 1,
        "y": 1,
        "z": 1,
      },
    },
    Object {
      "pos": Vector3 {
        "x": 1.8421219880057702,
        "y": 1.5,
        "z": 0.778836684617301,
      },
      "rot": Euler {
        "_order": "XYZ",
        "_x": 0,
        "_y": 0,
        "_z": 0,
      },
      "scale": Vector3 {
        "x": 1,
        "y": 1,
        "z": 1,
      },
    },
    Object {
      "pos": Vector3 {
        "x": -1.8532976506214658,
        "y": 1.5,
        "z": 0.7518562483619824,
      },
      "rot": Euler {
        "_order": "XYZ",
        "_x": 0,
        "_y": 0,
        "_z": 0,
      },
      "scale": Vector3 {
        "x": 1,
        "y": 1,
        "z": 1,
      },
    },
    Object {
      "pos": Vector3 {
        "x": 1.6506712298193564,
        "y": 2.25,
        "z": 1.129284946790071,
      },
      "rot": Euler {
        "_order": "XYZ",
        "_x": 0,
        "_y": 0,
        "_z": 0,
      },
      "scale": Vector3 {
        "x": 1,
        "y": 1,
        "z": 1,
      },
    },
    Object {
      "pos": Vector3 {
        "x": -1.9657258638819535,
        "y": 2.25,
        "z": 0.3686757763476566,
      },
      "rot": Euler {
        "_order": "XYZ",
        "_x": 0,
        "_y": 0,
        "_z": 0,
      },
      "scale": Vector3 {
        "x": 1,
        "y": 1,
        "z": 1,
      },
    },
    Object {
      "pos": Vector3 {
        "x": 1.3934134186943308,
        "y": 3,
        "z": 1.4347121817990456,
      },
      "rot": Euler {
        "_order": "XYZ",
        "_x": 0,
        "_y": 0,
        "_z": 0,
      },
      "scale": Vector3 {
        "x": 1,
        "y": 1,
        "z": 1,
      },
    },
    Object {
      "pos": Vector3 {
        "x": -1.9997867901561432,
        "y": 3,
        "z": -0.029202635445960006,
      },
      "rot": Euler {
        "_order": "XYZ",
        "_x": 0,
        "_y": 0,
        "_z": 0,
      },
      "scale": Vector3 {
        "x": 1,
        "y": 1,
        "z": 1,
      },
    },
    Object {
      "pos": Vector3 {
        "x": 1.0806046117362795,
        "y": 3.75,
        "z": 1.682941969615793,
      },
      "rot": Euler {
        "_order": "XYZ",
        "_x": 0,
        "_y": 0,
        "_z": 0,
      },
      "scale": Vector3 {
        "x": 1,
        "y": 1,
        "z": 1,
      },
    },
    Object {
      "pos": Vector3 {
        "x": -1.9541225277989513,
        "y": 3.75,
        "z": -0.4259168303185922,
      },
      "rot": Euler {
        "_order": "XYZ",
        "_x": 0,
        "_y": 0,
        "_z": 0,
      },
      "scale": Vector3 {
        "x": 1,
        "y": 1,
        "z": 1,
      },
    },
    Object {
      "pos": Vector3 {
        "x": 0.7247155089533472,
        "y": 4.5,
        "z": 1.8640781719344526,
      },
      "rot": Euler {
        "_order": "XYZ",
        "_x": 0,
        "_y": 0,
        "_z": 0,
      },
      "scale": Vector3 {
        "x": 1,
        "y": 1,
        "z": 1,
      },
    },
    Object {
      "pos": Vector3 {
        "x": -1.8305535668486463,
        "y": 4.5,
        "z": -0.8056510652247029,
      },
      "rot": Euler {
        "_order": "XYZ",
        "_x": 0,
        "_y": 0,
        "_z": 0,
      },
      "scale": Vector3 {
        "x": 1,
        "y": 1,
        "z": 1,
      },
    },
    Object {
      "pos": Vector3 {
        "x": 0.33993428580048207,
        "y": 5.25,
        "z": 1.9708994599769203,
      },
      "rot": Euler {
        "_order": "XYZ",
        "_x": 0,
        "_y": 0,
        "_z": 0,
      },
      "scale": Vector3 {
        "x": 1,
        "y": 1,
        "z": 1,
      },
    },
    Object {
      "pos": Vector3 {
        "x": -1.6340062118339118,
        "y": 5.25,
        "z": -1.1532665345392579,
      },
      "rot": Euler {
        "_order": "XYZ",
        "_x": 0,
        "_y": 0,
        "_z": 0,
      },
      "scale": Vector3 {
        "x": 1,
        "y": 1,
        "z": 1,
      },
    },
    Object {
      "pos": Vector3 {
        "x": -0.05839904460257719,
        "y": 6,
        "z": 1.9991472060830104,
      },
      "rot": Euler {
        "_order": "XYZ",
        "_x": 0,
        "_y": 0,
        "_z": 0,
      },
      "scale": Vector3 {
        "x": 1,
        "y": 1,
        "z": 1,
      },
    },
    Object {
      "pos": Vector3 {
        "x": -1.3723161855581396,
        "y": 6,
        "z": -1.4549049064647346,
      },
      "rot": Euler {
        "_order": "XYZ",
        "_x": 0,
        "_y": 0,
        "_z": 0,
      },
      "scale": Vector3 {
        "x": 1,
        "y": 1,
        "z": 1,
      },
    },
    Object {
      "pos": Vector3 {
        "x": -0.4544041893861738,
        "y": 6.75,
        "z": 1.9476952617563905,
      },
      "rot": Euler {
        "_order": "XYZ",
        "_x": 0,
        "_y": 0,
        "_z": 0,
      },
      "scale": Vector3 {
        "x": 1,
        "y": 1,
        "z": 1,
      },
    },
    Object {
      "pos": Vector3 {
        "x": -1.0559162435583118,
        "y": 6.75,
        "z": -1.698540810987391,
      },
      "rot": Euler {
        "_order": "XYZ",
        "_x": 0,
        "_y": 0,
        "_z": 0,
      },
      "scale": Vector3 {
        "x": 1,
        "y": 1,
        "z": 1,
      },
    },
    Object {
      "pos": Vector3 {
        "x": -0.8322936730942844,
        "y": 7.5,
        "z": 1.8185948536513636,
      },
      "rot": Euler {
        "_order": "XYZ",
        "_x": 0,
        "_y": 0,
        "_z": 0,
      },
      "scale": Vector3 {
        "x": 1,
        "y": 1,
        "z": 1,
      },
    },
    Object {
      "pos": Vector3 {
        "x": -0.6974202530642079,
        "y": 7.5,
        "z": -1.8744612534314644,
      },
      "rot": Euler {
        "_order": "XYZ",
        "_x": 0,
        "_y": 0,
        "_z": 0,
      },
      "scale": Vector3 {
        "x": 1,
        "y": 1,
        "z": 1,
      },
    },
    Object {
      "pos": Vector3 {
        "x": -1.177002234510691,
        "y": 8.25,
        "z": 1.6169928076391806,
      },
      "rot": Euler {
        "_order": "XYZ",
        "_x": 0,
        "_y": 0,
        "_z": 0,
      },
      "scale": Vector3 {
        "x": 1,
        "y": 1,
        "z": 1,
      },
    },
    Object {
      "pos": Vector3 {
        "x": -0.31112031791730993,
        "y": 8.25,
        "z": -1.975652840905768,
      },
      "rot": Euler {
        "_order": "XYZ",
        "_x": 0,
        "_y": 0,
        "_z": 0,
      },
      "scale": Vector3 {
        "x": 1,
        "y": 1,
        "z": 1,
      },
    },
    Object {
      "pos": Vector3 {
        "x": -1.4747874310824909,
        "y": 9,
        "z": 1.350926361102302,
      },
      "rot": Euler {
        "_order": "XYZ",
        "_x": 0,
        "_y": 0,
        "_z": 0,
      },
      "scale": Vector3 {
        "x": 1,
        "y": 1,
        "z": 1,
      },
    },
    Object {
      "pos": Vector3 {
        "x": 0.08758300250801201,
        "y": 9,
        "z": -1.9980813841462217,
      },
      "rot": Euler {
        "_order": "XYZ",
        "_x": 0,
        "_y": 0,
        "_z": 0,
      },
      "scale": Vector3 {
        "x": 1,
        "y": 1,
        "z": 1,
      },
    },
    Object {
      "pos": Vector3 {
        "x": -1.7137775067378946,
        "y": 9.75,
        "z": 1.0310027436429283,
      },
      "rot": Euler {
        "_order": "XYZ",
        "_x": 0,
        "_y": 0,
        "_z": 0,
      },
      "scale": Vector3 {
        "x": 1,
        "y": 1,
        "z": 1,
      },
    },
    Object {
      "pos": Vector3 {
        "x": 0.4827946650074898,
        "y": 9.75,
        "z": -1.9408527279111896,
      },
      "rot": Euler {
        "_order": "XYZ",
        "_x": 0,
        "_y": 0,
        "_z": 0,
      },
      "scale": Vector3 {
        "x": 1,
        "y": 1,
        "z": 1,
      },
    },
    Object {
      "pos": Vector3 {
        "x": -1.8844446813373166,
        "y": 10.5,
        "z": 0.6699763003118093,
      },
      "rot": Euler {
        "_order": "XYZ",
        "_x": 0,
        "_y": 0,
        "_z": 0,
      },
      "scale": Vector3 {
        "x": 1,
        "y": 1,
        "z": 1,
      },
    },
    Object {
      "pos": Vector3 {
        "x": 0.858758827759783,
        "y": 10.5,
        "z": -1.8062483981292947,
      },
      "rot": Euler {
        "_order": "XYZ",
        "_x": 0,
        "_y": 0,
        "_z": 0,
      },
      "scale": Vector3 {
        "x": 1,
        "y": 1,
        "z": 1,
      },
    },
    Object {
      "pos": Vector3 {
        "x": -1.979984993200891,
        "y": 11.25,
        "z": 0.28224001611973354,
      },
      "rot": Euler {
        "_order": "XYZ",
        "_x": 0,
        "_y": 0,
        "_z": 0,
      },
      "scale": Vector3 {
        "x": 1,
        "y": 1,
        "z": 1,
      },
    },
    Object {
      "pos": Vector3 {
        "x": 1.2004869860194867,
        "y": 11.25,
        "z": -1.599634644660414,
      },
      "rot": Euler {
        "_order": "XYZ",
        "_x": 0,
        "_y": 0,
        "_z": 0,
      },
      "scale": Vector3 {
        "x": 1,
        "y": 1,
        "z": 1,
      },
    },
    Object {
      "pos": Vector3 {
        "x": -1.996589551589506,
        "y": 12,
        "z": -0.11674828685516106,
      },
      "rot": Euler {
        "_order": "XYZ",
        "_x": 0,
        "_y": 0,
        "_z": 0,
      },
      "scale": Vector3 {
        "x": 1,
        "y": 1,
        "z": 1,
      },
    },
    Object {
      "pos": Vector3 {
        "x": 1.4943555165023439,
        "y": 12,
        "z": -1.329248505847952,
      },
      "rot": Euler {
        "_order": "XYZ",
        "_x": 0,
        "_y": 0,
        "_z": 0,
      },
      "scale": Vector3 {
        "x": 1,
        "y": 1,
        "z": 1,
      },
    },
    Object {
      "pos": Vector3 {
        "x": -1.9335963851589217,
        "y": 12.75,
        "z": -0.5110822040536642,
      },
      "rot": Euler {
        "_order": "XYZ",
        "_x": 0,
        "_y": 0,
        "_z": 0,
      },
      "scale": Vector3 {
        "x": 1,
        "y": 1,
        "z": 1,
      },
    },
    Object {
      "pos": Vector3 {
        "x": 1.7286488082537819,
        "y": 12.75,
        "z": -1.0058694237935555,
      },
      "rot": Euler {
        "_order": "XYZ",
        "_x": 0,
        "_y": 0,
        "_z": 0,
      },
      "scale": Vector3 {
        "x": 1,
        "y": 1,
        "z": 1,
      },
    },
    Object {
      "pos": Vector3 {
        "x": -1.793516832668293,
        "y": 13.5,
        "z": -0.8850408865897065,
      },
      "rot": Euler {
        "_order": "XYZ",
        "_x": 0,
        "_y": 0,
        "_z": 0,
      },
      "scale": Vector3 {
        "x": 1,
        "y": 1,
        "z": 1,
      },
    },
    Object {
      "pos": Vector3 {
        "x": 1.8940263270869038,
        "y": 13.5,
        "z": -0.6423895020170339,
      },
      "rot": Euler {
        "_order": "XYZ",
        "_x": 0,
        "_y": 0,
        "_z": 0,
      },
      "scale": Vector3 {
        "x": 1,
        "y": 1,
        "z": 1,
      },
    },
    Object {
      "pos": Vector3 {
        "x": -1.581935423828832,
        "y": 14.25,
        "z": -1.22371578188544,
      },
      "rot": Euler {
        "_order": "XYZ",
        "_x": 0,
        "_y": 0,
        "_z": 0,
      },
      "scale": Vector3 {
        "x": 1,
        "y": 1,
        "z": 1,
      },
    },
    Object {
      "pos": Vector3 {
        "x": 1.9838949932047751,
        "y": 14.25,
        "z": -0.2532995379723888,
      },
      "rot": Euler {
        "_order": "XYZ",
        "_x": 0,
        "_y": 0,
        "_z": 0,
      },
      "scale": Vector3 {
        "x": 1,
        "y": 1,
        "z": 1,
      },
    },
    Object {
      "pos": Vector3 {
        "x": -1.3072872417272225,
        "y": 15,
        "z": -1.5136049906158577,
      },
      "rot": Euler {
        "_order": "XYZ",
        "_x": 0,
        "_y": 0,
        "_z": 0,
      },
      "scale": Vector3 {
        "x": 1,
        "y": 1,
        "z": 1,
      },
    },
    Object {
      "pos": Vector3 {
        "x": 1.9946720264862499,
        "y": 15,
        "z": 0.14588867931829702,
      },
      "rot": Euler {
        "_order": "XYZ",
        "_x": 0,
        "_y": 0,
        "_z": 0,
      },
      "scale": Vector3 {
        "x": 1,
        "y": 1,
        "z": 1,
      },
    },
    Object {
      "pos": Vector3 {
        "x": -0.9805216426813973,
        "y": 15.75,
        "z": -1.7431515448271773,
      },
      "rot": Euler {
        "_order": "XYZ",
        "_x": 0,
        "_y": 0,
        "_z": 0,
      },
      "scale": Vector3 {
        "x": 1,
        "y": 1,
        "z": 1,
      },
    },
    Object {
      "pos": Vector3 {
        "x": 1.925927780623292,
        "y": 15.75,
        "z": 0.539260775342914,
      },
      "rot": Euler {
        "_order": "XYZ",
        "_x": 0,
        "_y": 0,
        "_z": 0,
      },
      "scale": Vector3 {
        "x": 1,
        "y": 1,
        "z": 1,
      },
    },
    Object {
      "pos": Vector3 {
        "x": -0.614665739956837,
        "y": 16.5,
        "z": -1.9032041477790327,
      },
      "rot": Euler {
        "_order": "XYZ",
        "_x": 0,
        "_y": 0,
        "_z": 0,
      },
      "scale": Vector3 {
        "x": 1,
        "y": 1,
        "z": 1,
      },
    },
    Object {
      "pos": Vector3 {
        "x": 1.7804028717634446,
        "y": 16.5,
        "z": 0.9111342459903915,
      },
      "rot": Euler {
        "_order": "XYZ",
        "_x": 0,
        "_y": 0,
        "_z": 0,
      },
      "scale": Vector3 {
        "x": 1,
        "y": 1,
        "z": 1,
      },
    },
    Object {
      "pos": Vector3 {
        "x": -0.2243050538701062,
        "y": 17.25,
        "z": -1.9873820072669293,
      },
      "rot": Euler {
        "_order": "XYZ",
        "_x": 0,
        "_y": 0,
        "_z": 0,
      },
      "scale": Vector3 {
        "x": 1,
        "y": 1,
        "z": 1,
      },
    },
    Object {
      "pos": Vector3 {
        "x": 1.5638989187925443,
        "y": 17.25,
        "z": 1.246683669500612,
      },
      "rot": Euler {
        "_order": "XYZ",
        "_x": 0,
        "_y": 0,
        "_z": 0,
      },
      "scale": Vector3 {
        "x": 1,
        "y": 1,
        "z": 1,
      },
    },
    Object {
      "pos": Vector3 {
        "x": 0.17499796687889632,
        "y": 18,
        "z": -1.9923292176716811,
      },
      "rot": Euler {
        "_order": "XYZ",
        "_x": 0,
        "_y": 0,
        "_z": 0,
      },
      "scale": Vector3 {
        "x": 1,
        "y": 1,
        "z": 1,
      },
    },
    Object {
      "pos": Vector3 {
        "x": 1.2850472510978086,
        "y": 18,
        "z": 1.5325317492456612,
      },
      "rot": Euler {
        "_order": "XYZ",
        "_x": 0,
        "_y": 0,
        "_z": 0,
      },
      "scale": Vector3 {
        "x": 1,
        "y": 1,
        "z": 1,
      },
    },
    Object {
      "pos": Vector3 {
        "x": 0.5673243709264559,
        "y": 18.75,
        "z": -1.917848549326276,
      },
      "rot": Euler {
        "_order": "XYZ",
        "_x": 0,
        "_y": 0,
        "_z": 0,
      },
      "scale": Vector3 {
        "x": 1,
        "y": 1,
        "z": 1,
      },
    },
    Object {
      "pos": Vector3 {
        "x": 0.9549648047029036,
        "y": 18.75,
        "z": 1.7572826243318818,
      },
      "rot": Euler {
        "_order": "XYZ",
        "_x": 0,
        "_y": 0,
        "_z": 0,
      },
      "scale": Vector3 {
        "x": 1,
        "y": 1,
        "z": 1,
      },
    },
    Object {
      "pos": Vector3 {
        "x": 0.9370333426007573,
        "y": 19.5,
        "z": -1.7669093114403047,
      },
      "rot": Euler {
        "_order": "XYZ",
        "_x": 0,
        "_y": 0,
        "_z": 0,
      },
      "scale": Vector3 {
        "x": 1,
        "y": 1,
        "z": 1,
      },
    },
    Object {
      "pos": Vector3 {
        "x": 0.5868109251102,
        "y": 19.5,
        "z": 1.9119761866119858,
      },
      "rot": Euler {
        "_order": "XYZ",
        "_x": 0,
        "_y": 0,
        "_z": 0,
      },
      "scale": Vector3 {
        "x": 1,
        "y": 1,
        "z": 1,
      },
    },
    Object {
      "pos": Vector3 {
        "x": 1.269385751885272,
        "y": 20.25,
        "z": -1.545528975111972,
      },
      "rot": Euler {
        "_order": "XYZ",
        "_x": 0,
        "_y": 0,
        "_z": 0,
      },
      "scale": Vector3 {
        "x": 1,
        "y": 1,
        "z": 1,
      },
    },
    Object {
      "pos": Vector3 {
        "x": 0.19526274572231028,
        "y": 20.25,
        "z": 1.9904452919216304,
      },
      "rot": Euler {
        "_order": "XYZ",
        "_x": 0,
        "_y": 0,
        "_z": 0,
      },
      "scale": Vector3 {
        "x": 1,
        "y": 1,
        "z": 1,
      },
    },
    Object {
      "pos": Vector3 {
        "x": 1.5511317570205025,
        "y": 21,
        "z": -1.262533275744639,
      },
      "rot": Euler {
        "_order": "XYZ",
        "_x": 0,
        "_y": 0,
        "_z": 0,
      },
      "scale": Vector3 {
        "x": 1,
        "y": 1,
        "z": 1,
      },
    },
    Object {
      "pos": Vector3 {
        "x": -0.20406994315030175,
        "y": 21,
        "z": 1.989561624655701,
      },
      "rot": Euler {
        "_order": "XYZ",
        "_x": 0,
        "_y": 0,
        "_z": 0,
      },
      "scale": Vector3 {
        "x": 1,
        "y": 1,
        "z": 1,
      },
    },
    Object {
      "pos": Vector3 {
        "x": 1.7710390338826403,
        "y": 21.75,
        "z": -0.9292043588275101,
      },
      "rot": Euler {
        "_order": "XYZ",
        "_x": 0,
        "_y": 0,
        "_z": 0,
      },
      "scale": Vector3 {
        "x": 1,
        "y": 1,
        "z": 1,
      },
    },
    Object {
      "pos": Vector3 {
        "x": -0.5952670073694579,
        "y": 21.75,
        "z": 1.9093604138395166,
      },
      "rot": Euler {
        "_order": "XYZ",
        "_x": 0,
        "_y": 0,
        "_z": 0,
      },
      "scale": Vector3 {
        "x": 1,
        "y": 1,
        "z": 1,
      },
    },
    Object {
      "pos": Vector3 {
        "x": 1.9203405733007335,
        "y": 22.5,
        "z": -0.5588309963978466,
      },
      "rot": Euler {
        "_order": "XYZ",
        "_x": 0,
        "_y": 0,
        "_z": 0,
      },
      "scale": Vector3 {
        "x": 1,
        "y": 1,
        "z": 1,
      },
    },
    Object {
      "pos": Vector3 {
        "x": -0.9627326544784583,
        "y": 22.5,
        "z": 1.7530390286587636,
      },
      "rot": Euler {
        "_order": "XYZ",
        "_x": 0,
        "_y": 0,
        "_z": 0,
      },
      "scale": Vector3 {
        "x": 1,
        "y": 1,
        "z": 1,
      },
    },
    Object {
      "pos": Vector3 {
        "x": 1.9930841940464354,
        "y": 23.25,
        "z": -0.1661788056349875,
      },
      "rot": Euler {
        "_order": "XYZ",
        "_x": 0,
        "_y": 0,
        "_z": 0,
      },
      "scale": Vector3 {
        "x": 1,
        "y": 1,
        "z": 1,
      },
    },
    Object {
      "pos": Vector3 {
        "x": -1.291817188731977,
        "y": 23.25,
        "z": 1.5268295094399413,
      },
      "rot": Euler {
        "_order": "XYZ",
        "_x": 0,
        "_y": 0,
        "_z": 0,
      },
      "scale": Vector3 {
        "x": 1,
        "y": 1,
        "z": 1,
      },
    },
    Object {
      "pos": Vector3 {
        "x": 1.9863698375163845,
        "y": 24,
        "z": 0.23309840970099258,
      },
      "rot": Euler {
        "_order": "XYZ",
        "_x": 0,
        "_y": 0,
        "_z": 0,
      },
      "scale": Vector3 {
        "x": 1,
        "y": 1,
        "z": 1,
      },
    },
    Object {
      "pos": Vector3 {
        "x": -1.569401048235628,
        "y": 24,
        "z": 1.2397501158688844,
      },
      "rot": Euler {
        "_order": "XYZ",
        "_x": 0,
        "_y": 0,
        "_z": 0,
      },
      "scale": Vector3 {
        "x": 1,
        "y": 1,
        "z": 1,
      },
    },
    Object {
      "pos": Vector3 {
        "x": 1.900465183917057,
        "y": 24.75,
        "z": 0.6230827270267624,
      },
      "rot": Euler {
        "_order": "XYZ",
        "_x": 0,
        "_y": 0,
        "_z": 0,
      },
      "scale": Vector3 {
        "x": 1,
        "y": 1,
        "z": 1,
      },
    },
    Object {
      "pos": Vector3 {
        "x": -1.784417840477521,
        "y": 24.75,
        "z": 0.9032457974358585,
      },
      "rot": Euler {
        "_order": "XYZ",
        "_x": 0,
        "_y": 0,
        "_z": 0,
      },
      "scale": Vector3 {
        "x": 1,
        "y": 1,
        "z": 1,
      },
    },
    Object {
      "pos": Vector3 {
        "x": 1.738794980699647,
        "y": 25.5,
        "z": 0.9882267022772225,
      },
      "rot": Euler {
        "_order": "XYZ",
        "_x": 0,
        "_y": 0,
        "_z": 0,
      },
      "scale": Vector3 {
        "x": 1,
        "y": 1,
        "z": 1,
      },
    },
    Object {
      "pos": Vector3 {
        "x": -1.9282955244756959,
        "y": 25.5,
        "z": 0.5307319194160092,
      },
      "rot": Euler {
        "_order": "XYZ",
        "_x": 0,
        "_y": 0,
        "_z": 0,
      },
      "scale": Vector3 {
        "x": 1,
        "y": 1,
        "z": 1,
      },
    },
    Object {
      "pos": Vector3 {
        "x": 1.5078045086866045,
        "y": 26.25,
        "z": 1.3139731974375835,
      },
      "rot": Euler {
        "_order": "XYZ",
        "_x": 0,
        "_y": 0,
        "_z": 0,
      },
      "scale": Vector3 {
        "x": 1,
        "y": 1,
        "z": 1,
      },
    },
    Object {
      "pos": Vector3 {
        "x": -1.9952981510014343,
        "y": 26.25,
        "z": 0.13705943459046507,
      },
      "rot": Euler {
        "_order": "XYZ",
        "_x": 0,
        "_y": 0,
        "_z": 0,
      },
      "scale": Vector3 {
        "x": 1,
        "y": 1,
        "z": 1,
      },
    },
    Object {
      "pos": Vector3 {
        "x": 1.2167026290645033,
        "y": 27,
        "z": 1.5873357276983107,
      },
      "rot": Euler {
        "_order": "XYZ",
        "_x": 0,
        "_y": 0,
        "_z": 0,
      },
      "scale": Vector3 {
        "x": 1,
        "y": 1,
        "z": 1,
      },
    },
    Object {
      "pos": Vector3 {
        "x": -1.9827545367741695,
        "y": 27,
        "z": -0.26207717737614744,
      },
      "rot": Euler {
        "_order": "XYZ",
        "_x": 0,
        "_y": 0,
        "_z": 0,
      },
      "scale": Vector3 {
        "x": 1,
        "y": 1,
        "z": 1,
      },
    },
    Object {
      "pos": Vector3 {
        "x": 0.8770946551487743,
        "y": 27.75,
        "z": 1.797416191623257,
      },
      "rot": Euler {
        "_order": "XYZ",
        "_x": 0,
        "_y": 0,
        "_z": 0,
      },
      "scale": Vector3 {
        "x": 1,
        "y": 1,
        "z": 1,
      },
    },
    Object {
      "pos": Vector3 {
        "x": -1.891164756109478,
        "y": 27.75,
        "z": -0.6507655993131307,
      },
      "rot": Euler {
        "_order": "XYZ",
        "_x": 0,
        "_y": 0,
        "_z": 0,
      },
      "scale": Vector3 {
        "x": 1,
        "y": 1,
        "z": 1,
      },
    },
    Object {
      "pos": Vector3 {
        "x": 0.5025196851645028,
        "y": 28.5,
        "z": 1.9358393440629749,
      },
      "rot": Euler {
        "_order": "XYZ",
        "_x": 0,
        "_y": 0,
        "_z": 0,
      },
      "scale": Vector3 {
        "x": 1,
        "y": 1,
        "z": 1,
      },
    },
    Object {
      "pos": Vector3 {
        "x": -1.7241802045341967,
        "y": 28.5,
        "z": -1.0135100504150987,
      },
      "rot": Euler {
        "_order": "XYZ",
        "_x": 0,
        "_y": 0,
        "_z": 0,
      },
      "scale": Vector3 {
        "x": 1,
        "y": 1,
        "z": 1,
      },
    },
    Object {
      "pos": Vector3 {
        "x": 0.10791084112529063,
        "y": 29.25,
        "z": 1.9970866907492104,
      },
      "rot": Euler {
        "_order": "XYZ",
        "_x": 0,
        "_y": 0,
        "_z": 0,
      },
      "scale": Vector3 {
        "x": 1,
        "y": 1,
        "z": 1,
      },
    },
    Object {
      "pos": Vector3 {
        "x": -1.4884580291694067,
        "y": 29.25,
        "z": -1.3358490541229295,
      },
      "rot": Euler {
        "_order": "XYZ",
        "_x": 0,
        "_y": 0,
        "_z": 0,
      },
      "scale": Vector3 {
        "x": 1,
        "y": 1,
        "z": 1,
      },
    },
    Object {
      "pos": Vector3 {
        "x": -0.29100006761723407,
        "y": 30,
        "z": 1.9787164932467625,
      },
      "rot": Euler {
        "_order": "XYZ",
        "_x": 0,
        "_y": 0,
        "_z": 0,
      },
      "scale": Vector3 {
        "x": 1,
        "y": 1,
        "z": 1,
      },
    },
    Object {
      "pos": Vector3 {
        "x": -1.1933957292825625,
        "y": 30,
        "z": -1.60493197155834,
      },
      "rot": Euler {
        "_order": "XYZ",
        "_x": 0,
        "_y": 0,
        "_z": 0,
      },
      "scale": Vector3 {
        "x": 1,
        "y": 1,
        "z": 1,
      },
    },
    Object {
      "pos": Vector3 {
        "x": -0.6783097219676758,
        "y": 30.75,
        "z": 1.8814611133595438,
      },
      "rot": Euler {
        "_order": "XYZ",
        "_x": 0,
        "_y": 0,
        "_z": 0,
      },
      "scale": Vector3 {
        "x": 1,
        "y": 1,
        "z": 1,
      },
    },
    Object {
      "pos": Vector3 {
        "x": -0.8507565076472217,
        "y": 30.75,
        "z": -1.8100313159434294,
      },
      "rot": Euler {
        "_order": "XYZ",
        "_x": 0,
        "_y": 0,
        "_z": 0,
      },
      "scale": Vector3 {
        "x": 1,
        "y": 1,
        "z": 1,
      },
    },
    Object {
      "pos": Vector3 {
        "x": -1.0385773082333742,
        "y": 31.5,
        "z": 1.709197816176559,
      },
      "rot": Euler {
        "_order": "XYZ",
        "_x": 0,
        "_y": 0,
        "_z": 0,
      },
      "scale": Vector3 {
        "x": 1,
        "y": 1,
        "z": 1,
      },
    },
    Object {
      "pos": Vector3 {
        "x": -0.4742003087693949,
        "y": 31.5,
        "z": -1.9429704236459726,
      },
      "rot": Euler {
        "_order": "XYZ",
        "_x": 0,
        "_y": 0,
        "_z": 0,
      },
      "scale": Vector3 {
        "x": 1,
        "y": 1,
        "z": 1,
      },
    },
    Object {
      "pos": Vector3 {
        "x": -1.3574400946400276,
        "y": 32.25,
        "z": 1.4687941957482242,
      },
      "rot": Euler {
        "_order": "XYZ",
        "_x": 0,
        "_y": 0,
        "_z": 0,
      },
      "scale": Vector3 {
        "x": 1,
        "y": 1,
        "z": 1,
      },
    },
    Object {
      "pos": Vector3 {
        "x": -0.07873924000654041,
        "y": 32.25,
        "z": -1.9984494319554829,
      },
      "rot": Euler {
        "_order": "XYZ",
        "_x": 0,
        "_y": 0,
        "_z": 0,
      },
      "scale": Vector3 {
        "x": 1,
        "y": 1,
        "z": 1,
      },
    },
    Object {
      "pos": Vector3 {
        "x": -1.622186028123312,
        "y": 33,
        "z": 1.1698343857835234,
      },
      "rot": Euler {
        "_order": "XYZ",
        "_x": 0,
        "_y": 0,
        "_z": 0,
      },
      "scale": Vector3 {
        "x": 1,
        "y": 1,
        "z": 1,
      },
    },
    Object {
      "pos": Vector3 {
        "x": 0.3198609137793344,
        "y": 33,
        "z": -1.9742565678847948,
      },
      "rot": Euler {
        "_order": "XYZ",
        "_x": 0,
        "_y": 0,
        "_z": 0,
      },
      "scale": Vector3 {
        "x": 1,
        "y": 1,
        "z": 1,
      },
    },
    Object {
      "pos": Vector3 {
        "x": -1.8222605237693539,
        "y": 33.75,
        "z": 0.8242369704835132,
      },
      "rot": Euler {
        "_order": "XYZ",
        "_x": 0,
        "_y": 0,
        "_z": 0,
      },
      "scale": Vector3 {
        "x": 1,
        "y": 1,
        "z": 1,
      },
    },
    Object {
      "pos": Vector3 {
        "x": 0.7057092223123099,
        "y": 33.75,
        "z": -1.8713563245794091,
      },
      "rot": Euler {
        "_order": "XYZ",
        "_x": 0,
        "_y": 0,
        "_z": 0,
      },
      "scale": Vector3 {
        "x": 1,
        "y": 1,
        "z": 1,
      },
    },
    Object {
      "pos": Vector3 {
        "x": -1.9496872428083272,
        "y": 34.5,
        "z": 0.4457798282004953,
      },
      "rot": Euler {
        "_order": "XYZ",
        "_x": 0,
        "_y": 0,
        "_z": 0,
      },
      "scale": Vector3 {
        "x": 1,
        "y": 1,
        "z": 1,
      },
    },
    Object {
      "pos": Vector3 {
        "x": 1.063423131145925,
        "y": 34.5,
        "z": -1.6938510100194164,
      },
      "rot": Euler {
        "_order": "XYZ",
        "_x": 0,
        "_y": 0,
        "_z": 0,
      },
      "scale": Vector3 {
        "x": 1,
        "y": 1,
        "z": 1,
      },
    },
    Object {
      "pos": Vector3 {
        "x": -1.999386084070413,
        "y": 35.25,
        "z": 0.04955085090671908,
      },
      "rot": Euler {
        "_order": "XYZ",
        "_x": 0,
        "_y": 0,
        "_z": 0,
      },
      "scale": Vector3 {
        "x": 1,
        "y": 1,
        "z": 1,
      },
    },
    Object {
      "pos": Vector3 {
        "x": 1.3787417155664994,
        "y": 35.25,
        "z": -1.4488172009459115,
      },
      "rot": Euler {
        "_order": "XYZ",
        "_x": 0,
        "_y": 0,
        "_z": 0,
      },
      "scale": Vector3 {
        "x": 1,
        "y": 1,
        "z": 1,
      },
    },
    Object {
      "pos": Vector3 {
        "x": -1.9693757115882546,
        "y": 36,
        "z": -0.3486535624459558,
      },
      "rot": Euler {
        "_order": "XYZ",
        "_x": 0,
        "_y": 0,
        "_z": 0,
      },
      "scale": Vector3 {
        "x": 1,
        "y": 1,
        "z": 1,
      },
    },
    Object {
      "pos": Vector3 {
        "x": 1.639094218658519,
        "y": 36,
        "z": -1.1460236220777562,
      },
      "rot": Euler {
        "_order": "XYZ",
        "_x": 0,
        "_y": 0,
        "_z": 0,
      },
      "scale": Vector3 {
        "x": 1,
        "y": 1,
        "z": 1,
      },
    },
    Object {
      "pos": Vector3 {
        "x": -1.8608525442095092,
        "y": 36.75,
        "z": -0.7329582585038502,
      },
      "rot": Euler {
        "_order": "XYZ",
        "_x": 0,
        "_y": 0,
        "_z": 0,
      },
      "scale": Vector3 {
        "x": 1,
        "y": 1,
        "z": 1,
      },
    },
    Object {
      "pos": Vector3 {
        "x": 1.8341012077135377,
        "y": 36.75,
        "z": -0.7975416978840305,
      },
      "rot": Euler {
        "_order": "XYZ",
        "_x": 0,
        "_y": 0,
        "_z": 0,
      },
      "scale": Vector3 {
        "x": 1,
        "y": 1,
        "z": 1,
      },
    },
    Object {
      "pos": Vector3 {
        "x": -1.6781430581529089,
        "y": 37.5,
        "z": -1.0880422217787338,
      },
      "rot": Euler {
        "_order": "XYZ",
        "_x": 0,
        "_y": 0,
        "_z": 0,
      },
      "scale": Vector3 {
        "x": 1,
        "y": 1,
        "z": 1,
      },
    },
    Object {
      "pos": Vector3 {
        "x": 1.9559883694580722,
        "y": 37.5,
        "z": -0.41726430298403444,
      },
      "rot": Euler {
        "_order": "XYZ",
        "_x": 0,
        "_y": 0,
        "_z": 0,
      },
      "scale": Vector3 {
        "x": 1,
        "y": 1,
        "z": 1,
      },
    },
    Object {
      "pos": Vector3 {
        "x": -1.4285313040544054,
        "y": 38.25,
        "z": -1.3997493751870795,
      },
      "rot": Euler {
        "_order": "XYZ",
        "_x": 0,
        "_y": 0,
        "_z": 0,
      },
      "scale": Vector3 {
        "x": 1,
        "y": 1,
        "z": 1,
      },
    },
    Object {
      "pos": Vector3 {
        "x": 1.9998964473905487,
        "y": 38.25,
        "z": -0.020351897077716886,
      },
      "rot": Euler {
        "_order": "XYZ",
        "_x": 0,
        "_y": 0,
        "_z": 0,
      },
      "scale": Vector3 {
        "x": 1,
        "y": 1,
        "z": 1,
      },
    },
    Object {
      "pos": Vector3 {
        "x": -1.1219685148544665,
        "y": 39,
        "z": -1.6556529381713014,
      },
      "rot": Euler {
        "_order": "XYZ",
        "_x": 0,
        "_y": 0,
        "_z": 0,
      },
      "scale": Vector3 {
        "x": 1,
        "y": 1,
        "z": 1,
      },
    },
    Object {
      "pos": Vector3 {
        "x": 1.9640749650037521,
        "y": 39,
        "z": 0.3773718747409641,
      },
      "rot": Euler {
        "_order": "XYZ",
        "_x": 0,
        "_y": 0,
        "_z": 0,
      },
      "scale": Vector3 {
        "x": 1,
        "y": 1,
        "z": 1,
      },
    },
    Object {
      "pos": Vector3 {
        "x": -0.7706763815436691,
        "y": 39.75,
        "z": -1.8455508432256091,
      },
      "rot": Euler {
        "_order": "XYZ",
        "_x": 0,
        "_y": 0,
        "_z": 0,
      },
      "scale": Vector3 {
        "x": 1,
        "y": 1,
        "z": 1,
      },
    },
    Object {
      "pos": Vector3 {
        "x": 1.8499520117592192,
        "y": 39.75,
        "z": 0.7600510207795378,
      },
      "rot": Euler {
        "_order": "XYZ",
        "_x": 0,
        "_y": 0,
        "_z": 0,
      },
      "scale": Vector3 {
        "x": 1,
        "y": 1,
        "z": 1,
      },
    },
    Object {
      "pos": Vector3 {
        "x": -0.3886598129106835,
        "y": 40.5,
        "z": -1.9618724601329802,
      },
      "rot": Euler {
        "_order": "XYZ",
        "_x": 0,
        "_y": 0,
        "_z": 0,
      },
      "scale": Vector3 {
        "x": 1,
        "y": 1,
        "z": 1,
      },
    },
    Object {
      "pos": Vector3 {
        "x": 1.6620773096670054,
        "y": 40.5,
        "z": 1.112429331099324,
      },
      "rot": Euler {
        "_order": "XYZ",
        "_x": 0,
        "_y": 0,
        "_z": 0,
      },
      "scale": Vector3 {
        "x": 1,
        "y": 1,
        "z": 1,
      },
    },
    Object {
      "pos": Vector3 {
        "x": 0.00885139597608736,
        "y": 41.25,
        "z": -1.999980413101407,
      },
      "rot": Euler {
        "_order": "XYZ",
        "_x": 0,
        "_y": 0,
        "_z": 0,
      },
      "scale": Vector3 {
        "x": 1,
        "y": 1,
        "z": 1,
      },
    },
    Object {
      "pos": Vector3 {
        "x": 1.4079408302266203,
        "y": 41.25,
        "z": 1.4204585944619348,
      },
      "rot": Euler {
        "_order": "XYZ",
        "_x": 0,
        "_y": 0,
        "_z": 0,
      },
      "scale": Vector3 {
        "x": 1,
        "y": 1,
        "z": 1,
      },
    },
    Object {
      "pos": Vector3 {
        "x": 0.4060097276374869,
        "y": 42,
        "z": -1.9583554583026377,
      },
      "rot": Euler {
        "_order": "XYZ",
        "_x": 0,
        "_y": 0,
        "_z": 0,
      },
      "scale": Vector3 {
        "x": 1,
        "y": 1,
        "z": 1,
      },
    },
    Object {
      "pos": Vector3 {
        "x": 1.0976741928993157,
        "y": 42,
        "z": 1.6718586561796533,
      },
      "rot": Euler {
        "_order": "XYZ",
        "_x": 0,
        "_y": 0,
        "_z": 0,
      },
      "scale": Vector3 {
        "x": 1,
        "y": 1,
        "z": 1,
      },
    },
  ],
}
`;
